../Core/Src/UltrasonicSensors.c:57:6:init_US	4	static
../Core/Src/UltrasonicSensors.c:63:6:switch_state_US	8	static
../Core/Src/UltrasonicSensors.c:69:6:idle_US	4	static
../Core/Src/UltrasonicSensors.c:88:6:start_US	4	static
../Core/Src/UltrasonicSensors.c:114:6:sync_h_US	4	static
../Core/Src/UltrasonicSensors.c:140:6:sync_l_US	4	static
../Core/Src/UltrasonicSensors.c:166:6:interpret_data	40	static
../Core/Src/UltrasonicSensors.c:187:6:get_data_US	8	static
../Core/Src/UltrasonicSensors.c:251:6:ParkingSensors_Task	16	static
